add in zanzan1
